2026-05-18 01:28:50, MOVE, v:1, k:ed@vetbuild, mode:PICK
2026-05-18 01:29:34, MOVE, v:1, k:ed@iterador, mode:PICK
2026-05-18 01:29:11, MOVE, v:1, k:ed@vetbuild, mode:EDIT
2026-05-18 01:34:33, MOVE, v:1, k:ed@iterador, mode:BACK
2026-05-18 01:34:46, MOVE, v:1, k:ed@setbuild, mode:PICK
2026-05-18 01:47:25, EXEC, v:1, k:ed@setbuild, mode:FULL, rate:0, size:45
2026-05-18 01:46:41, MOVE, v:1, k:ed@setbuild, mode:EDIT
2026-05-18 01:47:25, MOVE, v:1, k:ed@setbuild, mode:EDIT
2026-05-18 01:50:35, MOVE, v:1, k:ed@setbuild, mode:BACK
2026-05-18 01:51:19, MOVE, v:1, k:ed@bettersearch, mode:PICK
2026-05-18 01:54:59, MOVE, v:1, k:ed@bettersearch, mode:BACK
2026-05-18 01:55:01, MOVE, v:1, k:ed@multiset, mode:PICK
2026-05-18 01:55:29, MOVE, v:1, k:ed@multiset, mode:BACK
2026-05-18 01:55:32, MOVE, v:1, k:ed@magicsearch, mode:PICK
2026-05-18 01:55:46, MOVE, v:1, k:ed@magicsearch, mode:BACK
2026-05-18 20:42:27, MOVE, v:1, k:ed@vetbuild, mode:PICK
2026-05-18 20:56:18, MOVE, v:1, k:ed@vetbuild, mode:PICK
2026-05-18 21:01:34, MOVE, v:1, k:ed@vetbuild, mode:EDIT
2026-05-18 21:08:27, MOVE, v:1, k:ed@vetbuild, mode:EDIT
2026-05-18 21:13:12, MOVE, v:1, k:ed@vetbuild, mode:EDIT
2026-05-18 21:20:03, MOVE, v:1, k:ed@vetbuild, mode:EDIT
2026-05-18 21:22:52, MOVE, v:1, k:ed@vetbuild, mode:EDIT
2026-05-18 21:28:03, MOVE, v:1, k:ed@vetbuild, mode:EDIT
2026-05-18 21:33:26, MOVE, v:1, k:ed@vetbuild, mode:EDIT
2026-05-18 21:35:41, MOVE, v:1, k:ed@vetbuild, mode:EDIT
2026-05-18 21:44:28, MOVE, v:1, k:ed@vetbuild, mode:PICK
2026-05-18 21:49:00, MOVE, v:1, k:ed@vetbuild, mode:EDIT
2026-05-18 21:53:23, MOVE, v:1, k:ed@vetbuild, mode:EDIT
2026-05-18 21:54:28, EXEC, v:1, k:ed@vetbuild, mode:FULL, size:148, fail:COMP
2026-05-18 21:55:18, EXEC, v:1, k:ed@vetbuild, mode:FULL, rate:0, size:149
2026-05-18 21:59:24, MOVE, v:1, k:ed@vetbuild, mode:EDIT
2026-05-18 21:55:18, MOVE, v:1, k:ed@vetbuild, mode:EDIT
2026-05-18 22:01:23, EXEC, v:1, k:ed@vetbuild, mode:FULL, rate:0, size:157
2026-05-18 22:01:59, EXEC, v:1, k:ed@vetbuild, mode:FULL, rate:0
2026-05-18 22:02:00, MOVE, v:1, k:ed@vetbuild, mode:EDIT
2026-05-18 22:01:59, MOVE, v:1, k:ed@vetbuild, mode:EDIT
2026-05-18 22:13:46, EXEC, v:1, k:ed@vetbuild, mode:FULL, rate:10, size:157
2026-05-18 22:13:54, EXEC, v:1, k:ed@vetbuild, mode:FULL, rate:10, size:157
2026-05-18 22:14:00, EXEC, v:1, k:ed@vetbuild, mode:FULL, rate:10, size:157
2026-05-18 22:14:20, EXEC, v:1, k:ed@vetbuild, mode:FULL, rate:10
2026-05-18 22:14:20, MOVE, v:1, k:ed@vetbuild, mode:EDIT
2026-05-18 22:14:20, MOVE, v:1, k:ed@vetbuild, mode:EDIT
2026-05-18 22:14:30, EXEC, v:1, k:ed@vetbuild, mode:FULL, rate:10, size:157
2026-05-18 22:14:37, EXEC, v:1, k:ed@vetbuild, mode:FULL, rate:10, size:157
2026-05-18 22:14:34, MOVE, v:1, k:ed@vetbuild, mode:EDIT
2026-05-18 22:14:37, MOVE, v:1, k:ed@vetbuild, mode:EDIT
2026-05-18 22:29:27, MOVE, v:1, k:ed@vetbuild, mode:EDIT
2026-05-18 22:32:33, MOVE, v:1, k:ed@vetbuild, mode:EDIT
2026-05-18 22:39:43, MOVE, v:1, k:ed@vetbuild, mode:EDIT
2026-05-18 22:42:54, MOVE, v:1, k:ed@vetbuild, mode:EDIT
2026-05-18 22:50:23, MOVE, v:1, k:ed@vetbuild, mode:EDIT
2026-05-18 22:53:53, MOVE, v:1, k:ed@vetbuild, mode:EDIT
2026-05-18 23:00:32, MOVE, v:1, k:ed@vetbuild, mode:EDIT
