2026-05-13 00:03:26, EXEC, v:1, k:ed@padroes2, mode:FULL, rate:0
2026-05-13 00:03:25, MOVE, v:1, k:ed@padroes2, mode:EDIT
2026-05-13 00:07:57, MOVE, v:1, k:ed@padroes2, mode:EDIT
2026-05-13 00:08:14, EXEC, v:1, k:ed@padroes2, mode:FULL, size:42, fail:COMP
2026-05-13 00:08:45, EXEC, v:1, k:ed@padroes2, mode:FULL, rate:0, size:42
2026-05-13 00:09:00, EXEC, v:1, k:ed@padroes2, mode:FULL, size:42, fail:COMP
2026-05-13 00:09:15, EXEC, v:1, k:ed@padroes2, mode:FULL, rate:0, size:42
2026-05-13 00:09:37, EXEC, v:1, k:ed@padroes2, mode:FULL, rate:0, size:42
2026-05-13 00:09:52, EXEC, v:1, k:ed@padroes2, mode:FULL, rate:0, size:42
2026-05-13 00:10:02, EXEC, v:1, k:ed@padroes2, mode:FULL, rate:100, size:42
2026-05-13 00:11:05, EXEC, v:1, k:ed@padroes2, mode:FULL, rate:100, size:33
2026-05-13 00:11:27, EXEC, v:1, k:ed@padroes2, mode:FULL, rate:100, size:36
2026-05-13 00:11:52, EXEC, v:1, k:ed@padroes2, mode:FULL, rate:100, size:36
2026-05-13 00:12:04, EXEC, v:1, k:ed@padroes2, mode:FULL, rate:100, size:36
2026-05-13 00:12:09, EXEC, v:1, k:ed@padroes2, mode:FULL, rate:100, size:36
2026-05-13 00:12:08, MOVE, v:1, k:ed@padroes2, mode:EDIT
2026-05-13 00:12:08, MOVE, v:1, k:ed@padroes2, mode:EDIT
2026-05-13 00:13:34, EXEC, v:1, k:ed@padroes2, mode:FULL, rate:100, size:34
2026-05-13 00:16:52, EXEC, v:1, k:ed@padroes2, mode:FULL, rate:100, size:34
2026-05-13 00:16:51, MOVE, v:1, k:ed@padroes2, mode:EDIT
2026-05-13 00:16:51, MOVE, v:1, k:ed@padroes2, mode:EDIT
2026-05-13 00:19:48, EXEC, v:1, k:ed@padroes2, mode:FULL, rate:100
2026-05-13 00:19:47, MOVE, v:1, k:ed@padroes2, mode:EDIT
2026-05-13 00:26:44, EXEC, v:1, k:ed@padroes2, mode:FULL, rate:100
2026-05-13 00:26:42, MOVE, v:1, k:ed@padroes2, mode:EDIT
2026-05-13 00:26:43, MOVE, v:1, k:ed@padroes2, mode:EDIT
2026-05-13 00:42:01, EXEC, v:1, k:ed@padroes2, mode:FREE
2026-05-13 00:42:30, MOVE, v:1, k:ed@padroes2, mode:PICK
2026-05-13 00:42:36, EXEC, v:1, k:ed@padroes2, mode:FULL, rate:100
2026-05-13 00:42:33, MOVE, v:1, k:ed@padroes2, mode:EDIT
2026-05-13 00:42:35, MOVE, v:1, k:ed@padroes2, mode:EDIT
