2026-06-03 00:25:25, MOVE, v:1, k:ed@vetbuild, mode:PICK
2026-06-03 00:25:40, EXEC, v:1, k:ed@vetbuild, mode:FULL, size:248, fail:COMP
2026-06-03 00:25:41, EXEC, v:1, k:ed@vetbuild, mode:FULL, fail:COMP
2026-06-03 00:25:57, MOVE, v:1, k:ed@vetbuild, mode:PICK
2026-06-03 00:28:36, MOVE, v:1, k:ed@vetbuild, mode:BACK
2026-06-03 00:28:39, MOVE, v:1, k:ed@vetbuild, mode:PICK
2026-06-03 00:28:39, MOVE, v:1, k:ed@vetbuild, mode:BACK
2026-06-03 00:34:01, MOVE, v:1, k:ed@vetbuild, mode:PICK
2026-06-03 00:35:00, EXEC, v:1, k:ed@vetbuild, mode:FULL, fail:COMP
2026-06-03 00:35:01, EXEC, v:1, k:ed@vetbuild, mode:FREE
2026-06-03 00:35:15, EXEC, v:1, k:ed@vetbuild, mode:FULL, rate:40, size:243
2026-06-03 00:35:47, MOVE, v:1, k:ed@vetbuild, mode:EDIT
2026-06-03 00:35:15, MOVE, v:1, k:ed@vetbuild, mode:EDIT
2026-06-03 00:45:19, EXEC, v:1, k:ed@vetbuild, mode:FULL, size:250, fail:COMP
2026-06-03 00:45:21, EXEC, v:1, k:ed@vetbuild, mode:FULL, fail:COMP
2026-06-03 00:45:49, EXEC, v:1, k:ed@vetbuild, mode:FULL, size:250, fail:COMP
2026-06-03 00:45:48, MOVE, v:1, k:ed@vetbuild, mode:EDIT
2026-06-03 00:46:02, EXEC, v:1, k:ed@vetbuild, mode:FULL, size:250, fail:COMP
2026-06-03 00:46:03, EXEC, v:1, k:ed@vetbuild, mode:FULL, fail:COMP
2026-06-03 00:48:36, EXEC, v:1, k:ed@vetbuild, mode:FULL, rate:50, size:250
2026-06-03 00:48:35, MOVE, v:1, k:ed@vetbuild, mode:EDIT
2026-06-03 00:48:36, MOVE, v:1, k:ed@vetbuild, mode:EDIT
2026-06-03 00:53:57, MOVE, v:1, k:ed@vetbuild, mode:EDIT
2026-06-03 00:58:08, MOVE, v:1, k:ed@vetbuild, mode:BACK
